// Jest Snapshot v1, https://goo.gl/fbAQLP

exports[`vessels.utils merges vessel data from two sources 1`] = `
Object {
  "authorizations": Array [],
  "builtYear": "1951",
  "callsign": "IRNZ",
  "depth": undefined,
  "firstTransmissionDate": "2013-05-14T03:31:40Z",
  "flag": "ITA",
  "geartype": "trawlers",
  "grossTonnage": "51.000",
  "history": Object {
    "builtYear": Object {
      "byCount": Array [],
      "byDate": Array [
        Object {
          "firstSeen": "1991-02-02T00:00:00.000Z",
          "value": "1951",
        },
      ],
    },
    "callsign": Object {
      "byCount": Array [],
      "byDate": Array [
        Object {
          "value": "IRNZ",
        },
      ],
    },
    "depth": Object {
      "byCount": Array [],
      "byDate": Array [],
    },
    "flag": Object {
      "byCount": Array [],
      "byDate": Array [],
    },
    "geartype": Object {
      "byCount": Array [],
      "byDate": Array [
        Object {
          "value": "Purse seine",
        },
        Object {
          "firstSeen": "1991-02-02T00:00:00.000Z",
          "value": "Pole and line",
        },
        Object {
          "firstSeen": "1991-02-02T00:00:00.000Z",
          "value": "Otter trawl",
        },
      ],
    },
    "grossTonnage": Object {
      "byCount": Array [],
      "byDate": Array [
        Object {
          "firstSeen": "1991-02-02T00:00:00.000Z",
          "value": "51.000",
        },
      ],
    },
    "imo": Object {
      "byCount": Array [],
      "byDate": Array [],
    },
    "length": Object {
      "byCount": Array [],
      "byDate": Array [
        Object {
          "firstSeen": "1991-02-02T00:00:00.000Z",
          "value": "18.550",
        },
      ],
    },
    "mmsi": Object {
      "byCount": Array [],
      "byDate": Array [],
    },
    "operator": Object {
      "byCount": Array [],
      "byDate": Array [],
    },
    "owner": Object {
      "byCount": Array [],
      "byDate": Array [],
    },
    "shipname": Object {
      "byCount": Array [],
      "byDate": Array [
        Object {
          "firstSeen": "1991-02-02T00:00:00.000Z",
          "value": "MARIA MADRE II",
        },
        Object {
          "endDate": "1991-02-02T00:00:00.000Z",
          "firstSeen": "1981-02-02T00:00:00.000Z",
          "value": "MARIA MARIA",
        },
        Object {
          "endDate": "1981-02-02T00:00:00.000Z",
          "firstSeen": "1971-02-02T00:00:00.000Z",
          "value": "MAAAARIA",
        },
      ],
    },
    "vesselType": Object {
      "byCount": Array [],
      "byDate": Array [
        Object {
          "firstSeen": "1991-02-02T00:00:00.000Z",
          "value": "Fishing Vessel",
        },
      ],
    },
  },
  "id": "ea39ee174-4f61-cf0a-9ed8-fa5c25459890",
  "imageList": Array [],
  "imo": "0",
  "lastTransmissionDate": "2013-05-31T09:37:36Z",
  "length": "18.550",
  "mmsi": "247099420",
  "operator": undefined,
  "origin": "",
  "owner": undefined,
  "shipname": "MARIA MARIA 2",
  "type": "Fishing Vessel",
}
`;
