// Jest Snapshot v1, https://goo.gl/fbAQLP

exports[`App displays login page 1`] = `
<div>
  <div
    class="container"
  >
    <div
      class="textContainer"
    >
      <svg
        class="logoImage"
      >
        gfw-white.svg
      </svg>
      <h1
        class="textTitle"
      >
        Tracks Labeler
      </h1>
      <h2
        class="textSubtitle"
      >
        Only registered users can use this tool. Please log in with your Global Fishing Watch credentials. If you don’t an account, create it here and contact your project lead to include you in this project.
      </h2>
      <a
        class="link"
      >
        LOG IN
      </a>
    </div>
    <p
      class="copyright"
    >
      © Jiri Rezac / Greenpeace
    </p>
  </div>
</div>
`;
