// Jest Snapshot v1, https://goo.gl/fbAQLP

exports[`vessels.activity.utils check the vessel event type 1`] = `"authorized"`;
